// Jest Snapshot v1, https://goo.gl/fbAQLP

exports[`Snapshot ToolHeader Component 1`] = `
<header>
  <h1>
    The Tools
  </h1>
  <h2>
    Test Tool
  </h2>
</header>
`;
